fetching genome-wide GENCODE annotation (streamed once, split per chromosome)…
chr1: already done
chr2: already done
chr3: already done
chr4: already done
chr5: already done
chr6: already done
chr7: already done
chr8: already done
chr9: already done
chr10: already done
chr11: already done
chr12: already done
chr13: already done
chr14: already done
chr15: already done
chr16: already done
chr17: already done
chr18: already done
chr19: already done
chr20: already done
chr21: already done
chr22: already done
chrX: already done
chrY: already done
chrM: already done
done: 25 chromosomes
