streaming ENCODE cCREs for 23 chromosomes…
fetching genome-wide GENCODE annotation (split per chromosome, then deleted)…
  chr1: counting 16-mers over the chromosome
  chr1: 1/2425 blocks (21,730,607 bp -> gap)
  chr1: 26/2425 blocks (181,699 bp -> long_orf)
  chr1: 51/2425 blocks (126,742 bp -> regulatory)
  chr1: 76/2425 blocks (101,284 bp -> regulatory)
  chr1: 101/2425 blocks (86,168 bp -> long_orf)
  chr1: 126/2425 blocks (79,200 bp -> regulatory)
  chr1: 151/2425 blocks (71,406 bp -> long_orf)
  chr1: 176/2425 blocks (65,182 bp -> long_orf)
  chr1: 201/2425 blocks (57,543 bp -> regulatory)
  chr1: 226/2425 blocks (52,765 bp -> unique_intergenic)
  chr1: 251/2425 blocks (50,672 bp -> regulatory)
  chr1: 276/2425 blocks (47,543 bp -> regulatory)
  chr1: 301/2425 blocks (45,159 bp -> regulatory)
  chr1: 326/2425 blocks (42,395 bp -> regulatory)
  chr1: 351/2425 blocks (40,131 bp -> interspersed_repeat)
  chr1: 376/2425 blocks (38,089 bp -> regulatory)
  chr1: 401/2425 blocks (35,900 bp -> regulatory)
  chr1: 426/2425 blocks (34,126 bp -> interspersed_repeat)
  chr1: 451/2425 blocks (33,111 bp -> regulatory)
  chr1: 476/2425 blocks (31,184 bp -> unique_intergenic)
  chr1: 501/2425 blocks (29,797 bp -> regulatory)
  chr1: 526/2425 blocks (28,584 bp -> interspersed_repeat)
  chr1: 551/2425 blocks (27,533 bp -> regulatory)
  chr1: 576/2425 blocks (26,510 bp -> regulatory)
  chr1: 601/2425 blocks (25,902 bp -> regulatory)
  chr1: 626/2425 blocks (25,145 bp -> regulatory)
  chr1: 651/2425 blocks (24,013 bp -> regulatory)
  chr1: 676/2425 blocks (23,227 bp -> regulatory)
  chr1: 701/2425 blocks (22,571 bp -> interspersed_repeat)
  chr1: 726/2425 blocks (22,012 bp -> regulatory)
  chr1: 751/2425 blocks (21,405 bp -> regulatory)
  chr1: 776/2425 blocks (20,659 bp -> interspersed_repeat)
  chr1: 801/2425 blocks (20,074 bp -> regulatory)
  chr1: 826/2425 blocks (19,476 bp -> regulatory)
  chr1: 851/2425 blocks (18,863 bp -> regulatory)
  chr1: 876/2425 blocks (18,238 bp -> unclassified)
  chr1: 901/2425 blocks (17,651 bp -> regulatory)
  chr1: 926/2425 blocks (17,147 bp -> interspersed_repeat)
  chr1: 951/2425 blocks (16,526 bp -> regulatory)
  chr1: 976/2425 blocks (15,982 bp -> regulatory)
  chr1: 1001/2425 blocks (15,488 bp -> regulatory)
  chr1: 1026/2425 blocks (15,059 bp -> regulatory)
  chr1: 1051/2425 blocks (14,536 bp -> regulatory)
  chr1: 1076/2425 blocks (14,053 bp -> regulatory)
  chr1: 1101/2425 blocks (13,528 bp -> regulatory)
  chr1: 1126/2425 blocks (12,980 bp -> regulatory)
  chr1: 1151/2425 blocks (12,524 bp -> regulatory)
  chr1: 1176/2425 blocks (12,189 bp -> unclassified)
  chr1: 1201/2425 blocks (11,857 bp -> regulatory)
  chr1: 1226/2425 blocks (11,600 bp -> unclassified)
  chr1: 1251/2425 blocks (11,236 bp -> unclassified)
  chr1: 1276/2425 blocks (10,805 bp -> regulatory)
  chr1: 1301/2425 blocks (10,402 bp -> regulatory)
  chr1: 1326/2425 blocks (10,113 bp -> regulatory)
  chr1: 1351/2425 blocks (9,787 bp -> unclassified)
  chr1: 1376/2425 blocks (9,469 bp -> regulatory)
  chr1: 1401/2425 blocks (9,081 bp -> regulatory)
  chr1: 1426/2425 blocks (8,691 bp -> unclassified)
  chr1: 1451/2425 blocks (8,456 bp -> regulatory)
  chr1: 1476/2425 blocks (8,145 bp -> regulatory)
  chr1: 1501/2425 blocks (7,759 bp -> interspersed_repeat)
  chr1: 1526/2425 blocks (7,504 bp -> regulatory)
  chr1: 1551/2425 blocks (7,259 bp -> regulatory)
  chr1: 1576/2425 blocks (6,982 bp -> regulatory)
  chr1: 1601/2425 blocks (6,735 bp -> regulatory)
  chr1: 1626/2425 blocks (6,570 bp -> regulatory)
  chr1: 1651/2425 blocks (6,338 bp -> unclassified)
  chr1: 1676/2425 blocks (6,144 bp -> regulatory)
  chr1: 1701/2425 blocks (5,888 bp -> regulatory)
  chr1: 1726/2425 blocks (5,655 bp -> regulatory)
  chr1: 1751/2425 blocks (5,456 bp -> interspersed_repeat_SINE)
  chr1: 1776/2425 blocks (5,237 bp -> regulatory)
  chr1: 1801/2425 blocks (5,061 bp -> regulatory)
  chr1: 1826/2425 blocks (4,846 bp -> regulatory)
  chr1: 1851/2425 blocks (4,653 bp -> interspersed_repeat)
  chr1: 1876/2425 blocks (4,435 bp -> interspersed_repeat)
  chr1: 1901/2425 blocks (4,267 bp -> regulatory)
  chr1: 1926/2425 blocks (4,018 bp -> regulatory)
  chr1: 1951/2425 blocks (3,845 bp -> interspersed_repeat_SINE)
  chr1: 1976/2425 blocks (3,650 bp -> unclassified)
  chr1: 2001/2425 blocks (3,474 bp -> regulatory)
  chr1: 2026/2425 blocks (3,384 bp -> regulatory)
  chr1: 2051/2425 blocks (3,251 bp -> interspersed_repeat)
  chr1: 2076/2425 blocks (3,073 bp -> regulatory)
  chr1: 2101/2425 blocks (2,831 bp -> unclassified)
  chr1: 2126/2425 blocks (2,629 bp -> unclassified)
  chr1: 2151/2425 blocks (2,478 bp -> unclassified)
  chr1: 2176/2425 blocks (2,304 bp -> unclassified)
  chr1: 2201/2425 blocks (2,157 bp -> regulatory)
  chr1: 2226/2425 blocks (2,101 bp -> long_orf)
  chr1: 2251/2425 blocks (1,929 bp -> unclassified)
  chr1: 2276/2425 blocks (1,721 bp -> regulatory)
  chr1: 2301/2425 blocks (1,608 bp -> regulatory)
  chr1: 2326/2425 blocks (1,498 bp -> unclassified)
  chr1: 2351/2425 blocks (1,327 bp -> unclassified)
  chr1: 2376/2425 blocks (1,196 bp -> regulatory)
  chr1: 2401/2425 blocks (1,084 bp -> unclassified)
  chr1: 2425/2425 blocks (1,002 bp -> regulatory)
chr1: 77.2 Mb unknown, 96% classified, 372 s
  chr2: counting 16-mers over the chromosome
  chr2: 1/1943 blocks (2,150,554 bp -> centromere)
  chr2: 26/1943 blocks (225,173 bp -> mixed_intergenic)
