  counting 16-mers over the chromosome
  1/446 blocks (5,011,798 bp -> gap)
  26/446 blocks (111,853 bp -> long_orf)
  51/446 blocks (74,665 bp -> unique_intergenic)
  76/446 blocks (51,315 bp -> long_orf)
  101/446 blocks (37,633 bp -> regulatory)
  126/446 blocks (30,953 bp -> regulatory)
  151/446 blocks (26,031 bp -> unique_intergenic)
  176/446 blocks (22,537 bp -> unique_intergenic)
  201/446 blocks (17,866 bp -> unclassified)
  226/446 blocks (14,817 bp -> regulatory)
  251/446 blocks (11,511 bp -> long_orf)
  276/446 blocks (8,520 bp -> regulatory)
  301/446 blocks (7,250 bp -> unclassified)
  326/446 blocks (5,599 bp -> unclassified)
  351/446 blocks (4,914 bp -> regulatory)
  376/446 blocks (3,954 bp -> regulatory)
  401/446 blocks (2,722 bp -> regulatory)
  426/446 blocks (1,620 bp -> promoter_like)
  446/446 blocks (1,002 bp -> unclassified)
chr21: 446 UNKNOWN blocks, 20,813,319 bp
  classified 96.3%
class                     blocks  bp         share
------------------------  ------  ---------  -----
gap                       15      6,155,943  29.6%
regulatory                177     3,650,278  17.5%
unique_intergenic         52      2,954,806  14.2%
centromere                1       2,349,840  11.3%
long_orf                  38      2,272,721  10.9%
satellite_array           6       1,221,853  5.9% 
unclassified              113     763,454    3.7% 
mixed_intergenic          9       758,052    3.6% 
interspersed_repeat       7       413,871    2.0% 
promoter_like             17      210,383    1.0% 
interspersed_repeat_SINE  11      62,118     0.3% 
largest blocks:
  chr21:0-5011798           5,011,798 bp  gap                    conf=1.0
      gc=None tandem=None highcopy=None orf=None
  chr21:10649835-12999675   2,349,840 bp  centromere             conf=0.7
      gc=0.386 tandem=0.002 highcopy=0.814 orf=16707
  chr21:19900043-20193596     293,553 bp  long_orf               conf=0.4
      gc=0.351 tandem=0.01 highcopy=0.107 orf=572
  chr21:7829632-8101250       271,618 bp  satellite_array        conf=0.4
      gc=0.384 tandem=0.006 highcopy=0.365 orf=17250
  chr21:24547942-24811402     263,460 bp  mixed_intergenic       conf=0.4
      gc=0.352 tandem=0.011 highcopy=0.107 orf=168
  chr21:5709737-5972923       263,186 bp  satellite_array        conf=0.4
      gc=0.404 tandem=0.005 highcopy=0.108 orf=16715
  chr21:7142308-7385057       242,749 bp  satellite_array        conf=0.4
      gc=0.377 tandem=0.003 highcopy=0.413 orf=16751
  chr21:23490724-23704247     213,523 bp  unique_intergenic      conf=0.3
      gc=0.345 tandem=0.011 highcopy=0.101 orf=193
  chr21:22669586-22882581     212,995 bp  long_orf               conf=0.4
      gc=0.353 tandem=0.009 highcopy=0.109 orf=327
  chr21:5243903-5448586       204,683 bp  satellite_array        conf=0.4
      gc=0.371 tandem=0.002 highcopy=0.415 orf=16705
  saved data/results/unknown_chr21.json
